------------------------------------------------------------
TimeQuest Timing Analyzer Summary
------------------------------------------------------------

Type  : Slow 1200mV 85C Model Setup 'clk'
Slack : 12.943
TNS   : 0.000

Type  : Slow 1200mV 85C Model Hold 'clk'
Slack : 0.360
TNS   : 0.000

Type  : Slow 1200mV 85C Model Recovery 'clk'
Slack : 16.869
TNS   : 0.000

Type  : Slow 1200mV 85C Model Removal 'clk'
Slack : 2.296
TNS   : 0.000

Type  : Slow 1200mV 85C Model Minimum Pulse Width 'clk'
Slack : 9.629
TNS   : 0.000

Type  : Slow 1200mV 0C Model Setup 'clk'
Slack : 13.365
TNS   : 0.000

Type  : Slow 1200mV 0C Model Hold 'clk'
Slack : 0.323
TNS   : 0.000

Type  : Slow 1200mV 0C Model Recovery 'clk'
Slack : 17.006
TNS   : 0.000

Type  : Slow 1200mV 0C Model Removal 'clk'
Slack : 2.091
TNS   : 0.000

Type  : Slow 1200mV 0C Model Minimum Pulse Width 'clk'
Slack : 9.559
TNS   : 0.000

Type  : Fast 1200mV 0C Model Setup 'clk'
Slack : 17.147
TNS   : 0.000

Type  : Fast 1200mV 0C Model Hold 'clk'
Slack : 0.151
TNS   : 0.000

Type  : Fast 1200mV 0C Model Recovery 'clk'
Slack : 18.691
TNS   : 0.000

Type  : Fast 1200mV 0C Model Removal 'clk'
Slack : 0.910
TNS   : 0.000

Type  : Fast 1200mV 0C Model Minimum Pulse Width 'clk'
Slack : 9.470
TNS   : 0.000

------------------------------------------------------------
